
=== install dlt
>>> errcode [CLI] install-dlt -o json
dlt successfully installed in directory "[BUILD_DIR]"

>>> [BUILD_DIR]/dlt
DLT command verified

=== dlt already installed
>>> errcode [CLI] install-dlt
dlt already installed in directory "[BUILD_DIR]"

=== dlt file exists, should not overwrite
>>> errcode [CLI] install-dlt -d tmpdir -o json
cannot install dlt CLI: "tmpdir/dlt" already exists
Error: installation failed

Exit code: 1

=== Executable not called as databricks
>>> errcode ./notdatabricks install-dlt -o json
dlt successfully installed in directory "[TEST_TMP_DIR]"

>>> [TEST_TMP_DIR]/dlt
DLT command verified
